== 1. registry ==
["decider_2b", "laya_421m", "mushroom", "nanojev", "openjev_06b", "openjev_4b"]

== 2. backend_status('nanojev', load=True) ==
{
  "id": "nanojev",
  "ready": true,
  "loaded": true,
  "model": "nanojev_06b",
  "detail": "checkpoint complete; model loaded"
}
checkpoint: /home/kvn/.z0int/models/nanojev_06b
wall for status+load: 13079.1 ms

== 3. one typed boolean call ==
{
  "latency_ms": 622.2535729975789,
  "wall_ms": 11829.34897600353,
  "answers": [
    {
      "question_id": "verification_needed",
      "type": "boolean",
      "probabilities": {
        "false": 0.47341373562812805,
        "true": 0.5265862345695496
      },
      "value": true,
      "confidence": 0.5265862345695496
    }
  ]
}

== 4. multi-question batch (n=8) ==
answers returned: 8 / 8 requested
reported latency_ms: 115.06180200376548   wall_ms: 115.1
per-question wall: 14.39 ms
   context_relevant_0         value=False  conf=0.8116759657859802
   tool_family_git_1          value=False  conf=0.8397339582443237
   needs_escalation_2         value=False  conf=0.815232515335083
   risk_class_high_3          value=False  conf=0.7634837031364441

== summary ==
{
  "backend": "nanojev",
  "registered": [
    "decider_2b",
    "laya_421m",
    "mushroom",
    "nanojev",
    "openjev_06b",
    "openjev_4b"
  ],
  "status": {
    "id": "nanojev",
    "ready": true,
    "loaded": true,
    "model": "nanojev_06b",
    "checkpoint": "/home/kvn/.z0int/models/nanojev_06b",
    "detail": "checkpoint complete; model loaded"
  },
  "status_load_wall_ms": 13079.066555997997,
  "boolean_call": {
    "latency_ms": 622.2535729975789,
    "wall_ms": 11829.34897600353,
    "n_answers": 1
  },
  "batch": {
    "requested": 8,
    "returned": 8,
    "latency_ms": 115.06180200376548,
    "wall_ms": 115.09478300285991,
    "per_question_ms": 14.386847875357489,
    "capabilities_supports_batch_questions": false
  }
}
wrote results/decision-runtime-20260922/nanojev.json
