a3f18f3a63d45345942b contradicted contradicted 96.7 s
f40beba9088c8db8bbd6 supported supported 5.2 s
0b43ea8e24e74d621f1b supported supported 4.5 s
942ec65dac0bfb9874f9 insufficient insufficient 3.2 s
e0c140e9222d1bce5647 supported supported 3.4 s
8e8c3804a3c15ebb31e3 contradicted supported 2.8 s
56c419b12cd37cbe790c contradicted contradicted 2.1 s
75b470586834df8c568d insufficient contradicted 2.1 s
834f3b3e10cc61b33d25 contradicted contradicted 1.5 s
76c7a79b1ff2363a60c5 supported contradicted 2.1 s
36c71bb649b7d5eccb1f supported supported 1.2 s
eac5121a4a1bf391a08c insufficient insufficient 2.2 s
44574c44e243ee1b2f52 supported supported 1.6 s
2608370d01783735c3ea contradicted contradicted 2.6 s
ec94ef909f7918695ab3 contradicted supported 1.4 s
03d919fd0e9b3a7cd1e6 insufficient insufficient 2.5 s
86a15618ba4cb90a307e contradicted contradicted 1.1 s
3dd9c3ac98f8ddf7bdd3 supported contradicted 2.5 s
36273dd4777876a26338 supported supported 1.0 s
07ee70cfe4b01330ce89 insufficient contradicted 1.8 s
51ceab3ce622c7c759f1 supported supported 1.4 s
b8091be929b1e489fcc4 contradicted contradicted 2.5 s
c89b86e3f55123bfa506 contradicted supported 1.9 s
3b0958cabc339005cf66 insufficient insufficient 1.2 s
b45c63fb92729af27f05 contradicted contradicted 2.2 s
46b7029b9a704138b77a supported contradicted 1.9 s
caf773b23934fa7362a1 supported supported 2.3 s
f46f392ef9e9e9df564b insufficient insufficient 2.7 s
c6a411e7f2bbdf377173 contradicted contradicted 4.3 s
e332aa927d0c2ed044aa supported contradicted 2.8 s
a0128e551d095f3449f8 supported supported 3.0 s
46d6a0731bd288c370f0 insufficient insufficient 3.0 s
92ec2ffa3dd46ada1335 contradicted insufficient 3.6 s
6149a17bc154f9c5b4a0 supported insufficient 2.7 s
be866e1dbec5d42d9423 supported supported 3.0 s
97d2ed2591fc7638806c insufficient supported 2.6 s
f3d13cf184f916677def contradicted insufficient 2.8 s
1105577da4c8dad4609d supported supported 2.9 s
0ebd299739302d8b057b supported supported 2.6 s
eafc22c8c40df3932a8e insufficient insufficient 2.7 s
1df851a202994a07f123 contradicted contradicted 2.6 s
b5e6788d95b8395d2888 supported supported 2.6 s
32f36cd0fbbfb3604586 supported supported 1.7 s
843185706adff0c60f8b insufficient insufficient 1.2 s
b863998d4be2721a5dfd contradicted insufficient 1.4 s
37cebc3792e98049439f supported supported 1.3 s
64d63f86e328aff1481c supported contradicted 1.9 s
6d64a8459f64eac7f4cc insufficient contradicted 1.2 s
laya_421m: 32/48 three-way accuracy; 1 errors at conf>=0.9
